---
source: crates/qrcode-ai-scanner/src/report.rs
expression: full_report()
---
{
  "detections": [
    {
      "symbology": "qr_code",
      "content": {
        "text": "https://qrcode-ai.com",
        "raw": "aHR0cHM6Ly9xcmNvZGUtYWkuY29t",
        "charset": "utf8"
      },
      "payload": {
        "kind": "text"
      },
      "corners": [
        {
          "x": 10.0,
          "y": 10.0
        },
        {
          "x": 90.0,
          "y": 10.5
        },
        {
          "x": 90.5,
          "y": 90.0
        },
        {
          "x": 10.0,
          "y": 89.5
        }
      ],
      "meta": {
        "version": 5,
        "ec_level": "q",
        "mask": 3,
        "modules": 37,
        "inverted": false
      },
      "engines": [
        "rxing",
        "rqrr"
      ]
    }
  ],
  "score": {
    "value": 87,
    "grade": "excellent",
    "axes": [
      {
        "axis": "resolution",
        "passed": 4,
        "total": 5,
        "failed_at": null
      },
      {
        "axis": "perspective",
        "passed": 3,
        "total": 5,
        "failed_at": null
      }
    ],
    "structural": {
      "finder_integrity": [
        1.0,
        0.96,
        0.88
      ],
      "quiet_zone_ok": true
    },
    "uec": {
      "margin": 0.85,
      "grade": "a",
      "worst_block_errors": 1,
      "worst_block_capacity": 18
    },
    "iso15415": {
      "symbol_contrast": {
        "value": 0.82,
        "grade": "a"
      },
      "modulation": {
        "value": 0.46,
        "grade": "b"
      },
      "axial_nonuniformity": {
        "value": 0.03,
        "grade": "a"
      },
      "fixed_pattern_damage": {
        "value": 0.88,
        "grade": "c"
      },
      "unused_error_correction": {
        "value": 0.85,
        "grade": "a"
      },
      "overall": "c"
    }
  },
  "hints": [
    {
      "hint": "raise_error_correction",
      "current": "q"
    },
    {
      "hint": "increase_contrast"
    },
    {
      "hint": "low_correction_margin",
      "errors": 12,
      "capacity": 24
    },
    {
      "hint": "alpha_background_dependent",
      "placement": "light_only"
    },
    {
      "hint": "add_background_plate",
      "color": "white"
    }
  ],
  "alpha": {
    "coverage": 0.612,
    "content_luma": 34,
    "mode": "auto",
    "background": "white",
    "fallback_used": false,
    "envelope": {
      "probes": [
        {
          "background_luma": 0,
          "decoded": false
        },
        {
          "background_luma": 64,
          "decoded": false
        },
        {
          "background_luma": 96,
          "decoded": false
        },
        {
          "background_luma": 128,
          "decoded": true
        },
        {
          "background_luma": 192,
          "decoded": true
        },
        {
          "background_luma": 255,
          "decoded": true
        }
      ],
      "safe_luma": [
        [
          128,
          255
        ]
      ],
      "placement": "light_only",
      "palette": [
        {
          "background": "#1a1a2e",
          "background_luma": 28,
          "decoded": false
        }
      ]
    }
  },
  "trace": {
    "stages": [
      {
        "stage": "direct",
        "transforms_tried": 1,
        "ms": 12.5,
        "detections_found": 1
      }
    ],
    "engine_panics": 0,
    "total_ms": 12.5
  },
  "versions": {
    "scanner": "[crate-version]",
    "pipeline": 2,
    "score_contract": 4
  }
}
